{
    "versions": {
        "content": [
            "versions.yml:md5,bf9eaf3e63c0f1a878b155cf166693db"
        ],
        "timestamp": "2023-11-28T13:57:00.244760256"
    }
}