{
    "versions": {
        "content": [
            "versions.yml:md5,20fac3fdb773b01977b0c965461b3c3f"
        ],
        "timestamp": "2023-11-28T16:14:08.861044389"
    }
}